// Jest Snapshot v1, https://goo.gl/fbAQLP

exports[`Sections component render 1`] = `
<div
  className=""
>
  <div />
  <p />
</div>
`;
